BlockChain Info:
1.
Sender Name: baraa
Receiver Name: adi
Transaction Value: 150
Transaction timestamp: 20:21
