BlockChain Info:
1.
Sender Name: baraa
Receiver Name: adi
Transaction Value: 31
Transaction timestamp: 20:91
