BlockChain Info:
1.
Sender Name: baraa
Receiver Name: adi
Transaction Value: 10
Transaction timestamp: 20:40
2.
Sender Name: baraa
Receiver Name: shlomi
Transaction Value: 10
Transaction timestamp: 20:30
3.
Sender Name: gary
Receiver Name: adi
Transaction Value: 20
Transaction timestamp: 20:20
4.
Sender Name: test
Receiver Name: adi
Transaction Value: 20
Transaction timestamp: 20:20
