m:
|1|2|3|
|4|5|6|
|7|8|9|

m * m:
|30|36|42|
|66|81|96|
|102|126|150|

m *= m:
|30|36|42|
|66|81|96|
|102|126|150|

