|1|2|3|
|4|5|6|
|7|8|9|

|1|2|3|4|

|1|
|2|
|3|
|4|

|1|4|7|
|2|5|8|
|3|6|9|

|1|
|2|
|3|
|4|

|1|2|3|4|

|7|4|1|
|8|5|2|
|9|6|3|

|3|6|9|
|2|5|8|
|1|4|7|

|1|2|3|
|4|5|6|
|7|8|9|

|1|2|3|
|4|5|6|
|7|8|9|

|1|2|3|4|
|5|6|7|8|
|9|10|11|12|
|13|14|15|16|

|13|9|5|1|
|14|10|6|2|
|15|11|7|3|
|16|12|8|4|

|16|15|14|13|
|12|11|10|9|
|8|7|6|5|
|4|3|2|1|

|4|8|12|16|
|3|7|11|15|
|2|6|10|14|
|1|5|9|13|

|1|2|3|4|
|5|6|7|8|
|9|10|11|12|
|13|14|15|16|

|1|2|3|4|
|5|6|7|8|
|9|10|11|12|
|13|14|15|16|

