Test Multiplication:
|0|0|
|0|0|

|0|0|0|
|0|0|0|
|0|0|0|

