Test Scalar Right Multiplication:
|0|0|
|0|0|

Test Scalar Left Multiplication:
|0|0|
|0|0|
