Running testAssignOperatorExceptionSafety ... 
Original list length: 1
Original list first item value: 17
[OK]
