|5|6|
|7|8|

Movie Name: MataMatrix
Author: Adi Harif

Frame 0:
|1|2|
|3|4|

Frame 1:
|5|6|
|7|8|

Frame 2:
|1|2|
|3|4|

-----End of Movie-----
