m:
|1|2|
|3|4|
|5|6|

m + m:
|2|4|
|6|8|
|10|12|

m += m:
|2|4|
|6|8|
|10|12|

