Test Multiplication Assignment:
|0|0|
|0|0|

|0|0|
|0|0|
