|1|2|3|
|4|5|6|

|1|2|
|3|4|
|5|6|

|1|4|
|2|5|
|3|6|

|1|3|5|
|2|4|6|

|2|4|6|
|8|10|12|

|6|12|18|
|24|30|36|

|2|4|6|
|8|10|12|

|3|6|
|9|12|
|15|18|

|12|24|
|36|48|
|60|72|

|3|6|
|9|12|
|15|18|

|1|2|3|
|4|5|6|

|1|2|
|3|4|
|5|6|

|1|4|
|2|5|
|3|6|

|1|4|
|2|5|
|3|6|

|1|3|5|
|2|4|6|

|1|3|5|
|2|4|6|

