Matam Error: Matrix must be square to calculate determinant
