m:
|0|3|-2|-5|5|
|-3|3|-1|1|1|
|1|5|2|3|2|
|-3|1|-5|5|-2|
|0|5|-4|4|2|

det:
3
