m:
|4|-1|2|3|
|1|0|-2|4|
|0|0|0|0|
|-3|2|1|-1|
det:
0