m:
|-7|3|1|2|
|0|-8|2|1|
|0|0|8|-1|
|0|0|0|7|

det:
3136
