m:
|5|2|1|3|
|0|7|-1|2|
|0|0|9|4|
|0|0|0|7|

det:
2205
