m:
|4|3|0|1|-3|
|-5|2|0|-1|1|
|5|-3|0|-2|-4|
|2|-2|0|-1|-5|
|-2|2|0|3|-3|
det:
0