m:
|4|2|-4|-1|2|
|2|2|-4|5|0|
|3|4|0|3|3|
|2|-4|-3|-4|5|
|-1|-1|-3|-4|-3|
det:
-4366