m:
|0|0|0|0|0|
|0|0|0|0|0|
|0|0|0|0|0|
|0|0|0|0|0|
|0|0|0|0|0|

det:
0
