m:
|2|-5|-4|3|-5|
|1|1|-5|2|3|
|-5|-3|3|2|2|
|2|-3|3|-5|0|
|-1|5|4|0|4|

det:
4106
