m:
|1|2|3|4|
|2|1|0|5|
|3|4|1|2|
|1|0|2|-1|
det:
-1