m:
|0|0|1|0|0|
|1|0|0|0|0|
|0|0|0|0|1|
|0|1|0|0|0|
|0|0|0|1|0|

det:
1
