adcfe1032547698badcf
adcfe1032547698badcf
07214b658f243aad98fd