07214b658f243aad98fd
ad8be1cf258e90073257
ad8be1cf258e90073257
07214b658f243aad98fd
16305a749e47698badcf
07214b658f243aad98fd
07ed4b218fcfe1332544
ad8be1cf25edc3210765