Game is about to start!
These are the players:

1. Daniel, Warrior with Responsible character (level 1, force 5)
2. Regev, Magician with Responsible character (level 1, force 5)

----------------------------------------

New round starts!

Turn: 1
Player: Daniel, Warrior with Responsible character (level 1, force 5)
Event: Snail (power 5, loot 2, damage 10)
Daniel won the encounter, gained 2 coins and leveled up!

Turn: 2
Player: Regev, Magician with Responsible character (level 1, force 5)
Event: Pack of 3 members (power 110, loot 327, damage 27138)
Regev lost the encounter and took 27138 damage!

Round has ended!
Leader board is as follows:
Ranking    Player Name     Level     Force HP    Coins
1          Daniel          2         5     140   12
2          Regev           1         5     0     10

----------------------------------------

New round starts!

Turn: 3
Player: Daniel, Warrior with Responsible character (level 2, force 5)
Event: Snail (power 5, loot 2, damage 10)
Daniel won the encounter, gained 2 coins and leveled up!

Round has ended!
Leader board is as follows:
Ranking    Player Name     Level     Force HP    Coins
1          Daniel          3         5     130   14
2          Regev           1         5     0     10

----------------------------------------

New round starts!

Turn: 4
Player: Daniel, Warrior with Responsible character (level 3, force 5)
Event: Pack of 3 members (power 116, loot 327, damage 27138)
Daniel lost the encounter and took 27138 damage!

Round has ended!
Leader board is as follows:
Ranking    Player Name     Level     Force HP    Coins
1          Daniel          3         5     0     14
2          Regev           1         5     0     10

----------------------------------------

Game is over!
There are no winners in this game.
Better luck next time!
